Log entry 0
Log entry 1
Log entry 2
Log entry 3
Log entry 4
Log entry 5
Log entry 6
Log entry 7
Log entry 8
